// Jest Snapshot v1, https://goo.gl/fbAQLP

exports[`Pruebas con el accountpopover Debe ser igual al snapshot 1`] = `
<div>
  <button
    class="MuiButtonBase-root MuiIconButton-root MuiIconButton-sizeMedium css-av538e-MuiButtonBase-root-MuiIconButton-root"
    tabindex="0"
    type="button"
  >
    <div
      class="MuiAvatar-root MuiAvatar-circular MuiAvatar-colorDefault css-3xdcvl-MuiAvatar-root"
    >
      NC
    </div>
    <span
      class="MuiTouchRipple-root css-8je8zh-MuiTouchRipple-root"
    />
  </button>
</div>
`;
